== la fase y el movimiento de las siete piezas, con los cuadros sacados sin -ss ==
  content/race/program/index.m3u8
        cuadros   0-> 15  video    9704 px (1.0530 %)   SVG    8994 px (0.9759 %)   ok
        cuadros  15-> 30  video    9839 px (1.0676 %)   SVG    8978 px (0.9742 %)   ok
        cuadros  30-> 45  video    9324 px (1.0117 %)   SVG    8999 px (0.9765 %)   ok
        cuadros  45-> 60  video    9317 px (1.0110 %)   SVG    8986 px (0.9750 %)   ok
  VERDE el video conserva el movimiento del SVG en los cuatro pares (holgura 1/4)
        cuadro 0 del video vs cuadro  0 del navegador      2549 px
        cuadro 0 del video vs cuadro  5 del navegador      7800 px
        cuadro 0 del video vs cuadro 10 del navegador     10509 px
        cuadro 0 del video vs cuadro 15 del navegador     10740 px
        cuadro 0 del video vs cuadro 20 del navegador     10799 px
        cuadro 0 del video vs cuadro 25 del navegador     10746 px
        cuadro 0 del video vs cuadro 30 del navegador     10767 px
  VERDE el mínimo cae en el cuadro 0 del navegador, que es donde el cuadro 0 del video tiene que caer
  => en verde
  content/race/caldrix/index.m3u8
        cuadros   0-> 15  video  332325 px (36.0596 %)   SVG  332451 px (36.0732 %)   ok
        cuadros  15-> 30  video  354592 px (38.4757 %)   SVG  354375 px (38.4521 %)   ok
        cuadros  30-> 45  video  334414 px (36.2862 %)   SVG  334215 px (36.2646 %)   ok
        cuadros  45-> 60  video  320330 px (34.7580 %)   SVG  319898 px (34.7112 %)   ok
  VERDE el video conserva el movimiento del SVG en los cuatro pares (holgura 1/4)
        cuadro 0 del video vs cuadro  0 del navegador      2733 px
        cuadro 0 del video vs cuadro  5 del navegador    134919 px
        cuadro 0 del video vs cuadro 10 del navegador    244912 px
        cuadro 0 del video vs cuadro 15 del navegador    332339 px
        cuadro 0 del video vs cuadro 20 del navegador    376548 px
        cuadro 0 del video vs cuadro 25 del navegador    392143 px
        cuadro 0 del video vs cuadro 30 del navegador    375964 px
  VERDE el mínimo cae en el cuadro 0 del navegador, que es donde el cuadro 0 del video tiene que caer
  => en verde
  content/race/marvok/index.m3u8
        cuadros   0-> 15  video  269709 px (29.2653 %)   SVG  269031 px (29.1917 %)   ok
        cuadros  15-> 30  video  389670 px (42.2819 %)   SVG  389098 px (42.2198 %)   ok
        cuadros  30-> 45  video  407211 px (44.1852 %)   SVG  406535 px (44.1119 %)   ok
        cuadros  45-> 60  video  286941 px (31.1351 %)   SVG  286125 px (31.0465 %)   ok
  VERDE el video conserva el movimiento del SVG en los cuatro pares (holgura 1/4)
        cuadro 0 del video vs cuadro  0 del navegador      1849 px
        cuadro 0 del video vs cuadro  5 del navegador    144685 px
        cuadro 0 del video vs cuadro 10 del navegador    221264 px
        cuadro 0 del video vs cuadro 15 del navegador    269363 px
        cuadro 0 del video vs cuadro 20 del navegador    348629 px
        cuadro 0 del video vs cuadro 25 del navegador    426119 px
        cuadro 0 del video vs cuadro 30 del navegador    492779 px
  VERDE el mínimo cae en el cuadro 0 del navegador, que es donde el cuadro 0 del video tiene que caer
  => en verde
  content/race/noctev/index.m3u8
        cuadros   0-> 15  video  245322 px (26.6191 %)   SVG  244090 px (26.4855 %)   ok
        cuadros  15-> 30  video  226359 px (24.5615 %)   SVG  225427 px (24.4604 %)   ok
        cuadros  30-> 45  video  199531 px (21.6505 %)   SVG  198667 px (21.5567 %)   ok
        cuadros  45-> 60  video  162909 px (17.6768 %)   SVG  162250 px (17.6053 %)   ok
  VERDE el video conserva el movimiento del SVG en los cuatro pares (holgura 1/4)
        cuadro 0 del video vs cuadro  0 del navegador      4084 px
        cuadro 0 del video vs cuadro  5 del navegador    144185 px
        cuadro 0 del video vs cuadro 10 del navegador    195515 px
        cuadro 0 del video vs cuadro 15 del navegador    244610 px
        cuadro 0 del video vs cuadro 20 del navegador    285080 px
        cuadro 0 del video vs cuadro 25 del navegador    325123 px
        cuadro 0 del video vs cuadro 30 del navegador    366615 px
  VERDE el mínimo cae en el cuadro 0 del navegador, que es donde el cuadro 0 del video tiene que caer
  => en verde
  content/race/runtak/index.m3u8
        cuadros   0-> 15  video  310309 px (33.6707 %)   SVG  309244 px (33.5551 %)   ok
        cuadros  15-> 30  video  279252 px (30.3008 %)   SVG  277853 px (30.1490 %)   ok
        cuadros  30-> 45  video  222503 px (24.1431 %)   SVG  221541 px (24.0387 %)   ok
        cuadros  45-> 60  video  192296 px (20.8655 %)   SVG  191404 px (20.7687 %)   ok
  VERDE el video conserva el movimiento del SVG en los cuatro pares (holgura 1/4)
        cuadro 0 del video vs cuadro  0 del navegador      3938 px
        cuadro 0 del video vs cuadro  5 del navegador    172673 px
        cuadro 0 del video vs cuadro 10 del navegador    247110 px
        cuadro 0 del video vs cuadro 15 del navegador    309623 px
        cuadro 0 del video vs cuadro 20 del navegador    362053 px
        cuadro 0 del video vs cuadro 25 del navegador    406495 px
        cuadro 0 del video vs cuadro 30 del navegador    440467 px
  VERDE el mínimo cae en el cuadro 0 del navegador, que es donde el cuadro 0 del video tiene que caer
  => en verde
  content/race/pentav/index.m3u8
        cuadros   0-> 15  video  126423 px (13.7178 %)   SVG  127013 px (13.7818 %)   ok
        cuadros  15-> 30  video  125780 px (13.6480 %)   SVG  125605 px (13.6290 %)   ok
        cuadros  30-> 45  video  164144 px (17.8108 %)   SVG  163524 px (17.7435 %)   ok
        cuadros  45-> 60  video  172090 px (18.6730 %)   SVG  171154 px (18.5714 %)   ok
  VERDE el video conserva el movimiento del SVG en los cuatro pares (holgura 1/4)
        cuadro 0 del video vs cuadro  0 del navegador      1749 px
        cuadro 0 del video vs cuadro  5 del navegador    103475 px
        cuadro 0 del video vs cuadro 10 del navegador    139128 px
        cuadro 0 del video vs cuadro 15 del navegador    129129 px
        cuadro 0 del video vs cuadro 20 del navegador    148825 px
        cuadro 0 del video vs cuadro 25 del navegador    157677 px
        cuadro 0 del video vs cuadro 30 del navegador    168200 px
  VERDE el mínimo cae en el cuadro 0 del navegador, que es donde el cuadro 0 del video tiene que caer
  => en verde
  content/race/quentra/index.m3u8
        cuadros   0-> 15  video  103325 px (11.2115 %)   SVG  104545 px (11.3439 %)   ok
        cuadros  15-> 30  video  140271 px (15.2204 %)   SVG  140019 px (15.1930 %)   ok
        cuadros  30-> 45  video  153372 px (16.6419 %)   SVG  153052 px (16.6072 %)   ok
        cuadros  45-> 60  video  211432 px (22.9418 %)   SVG  210450 px (22.8353 %)   ok
  VERDE el video conserva el movimiento del SVG en los cuatro pares (holgura 1/4)
        cuadro 0 del video vs cuadro  0 del navegador      2358 px
        cuadro 0 del video vs cuadro  5 del navegador     57721 px
        cuadro 0 del video vs cuadro 10 del navegador     85498 px
        cuadro 0 del video vs cuadro 15 del navegador    104442 px
        cuadro 0 del video vs cuadro 20 del navegador    107765 px
        cuadro 0 del video vs cuadro 25 del navegador    133731 px
        cuadro 0 del video vs cuadro 30 del navegador    159203 px
  VERDE el mínimo cae en el cuadro 0 del navegador, que es donde el cuadro 0 del video tiene que caer
  => en verde

== CONTROL del instrumento: el mismo video partiendo del cuadro 10 ==
  content/race/quentra/index.m3u8
        cuadros   0-> 15  video  103325 px (11.2115 %)   SVG  104545 px (11.3439 %)   ok
        cuadros  15-> 30  video  140271 px (15.2204 %)   SVG  140019 px (15.1930 %)   ok
        cuadros  30-> 45  video  153372 px (16.6419 %)   SVG  153052 px (16.6072 %)   ok
        cuadros  45-> 60  video  211432 px (22.9418 %)   SVG  210450 px (22.8353 %)   ok
  VERDE el video conserva el movimiento del SVG en los cuatro pares (holgura 1/4)
        cuadro 10 del video vs cuadro  0 del navegador     85516 px
        cuadro 10 del video vs cuadro  5 del navegador     53352 px
        cuadro 10 del video vs cuadro 10 del navegador      2367 px
        cuadro 10 del video vs cuadro 15 del navegador     60100 px
        cuadro 10 del video vs cuadro 20 del navegador     93499 px
        cuadro 10 del video vs cuadro 25 del navegador    126696 px
        cuadro 10 del video vs cuadro 30 del navegador    144682 px
  VERDE el mínimo cae en el cuadro 10 del navegador, que es donde el cuadro 10 del video tiene que caer
  => en verde
